src/App.tsx(4,41): error TS6196: 'DailyHabits' is declared but never used.
